[{'name': 'Task 1: 0 vs 1', 'train': <torch.utils.data.dataloader.DataLoader object at 0x7a07e2353160>, 'test': <torch.utils.data.dataloader.DataLoader object at 0x7a07e2353340>, 'train_dataset': <torch.utils.data.dataset.TensorDataset object at 0x7a07e2352f80>}, {'name': 'Task 2: 2 vs 3', 'train': <torch.utils.data.dataloader.DataLoader object at 0x7a07e23534c0>, 'test': <torch.utils.data.dataloader.DataLoader object at 0x7a07e23535e0>, 'train_dataset': <torch.utils.data.dataset.TensorDataset object at 0x7a07e2353430>}, {'name': 'Task 3: 4 vs 5', 'train': <torch.utils.data.dataloader.DataLoader object at 0x7a07e2353760>, 'test': <torch.utils.data.dataloader.DataLoader object at 0x7a07e2353880>, 'train_dataset': <torch.utils.data.dataset.TensorDataset object at 0x7a07e23536d0>}, {'name': 'Task 4: 6 vs 7', 'train': <torch.utils.data.dataloader.DataLoader object at 0x7a07e2353a00>, 'test': <torch.utils.data.dataloader.DataLoader object at 0x7a07e2353b20>, 'train_dataset': <torch.utils.data.dataset.TensorDataset object at 0x7a07e2353970>}, {'name': 'Task 5: 8 vs 9', 'train': <torch.utils.data.dataloader.DataLoader object at 0x7a07e2353ca0>, 'test': <torch.utils.data.dataloader.DataLoader object at 0x7a07e2353dc0>, 'train_dataset': <torch.utils.data.dataset.TensorDataset object at 0x7a07e2353c10>}]
=== [SVD-CL] Training initial task with W trainable ===
[DATA] Training on: Task 1: 0 vs 1 | train_size=12665
[DATA] Test set: 2115 examples
[Task 0] layer1 input (64, 784)  -> z (64, 50); layer2 input (64, 50) -> logits (64,)
Norm ||W||_F after task 0 = 1.902147
[SVD-CL] After task 0:  99.95%

=== [SVD-CL] Subspace prep for Task 2: 2 vs 3 (task 1) ===
[DATA] Training on: Task 2: 2 vs 3 | train_size=12089
[DATA] Test set: 2042 examples
Shape of X = torch.Size([784, 12665])
  First s_j < 0.01 at j=577 (0-index). Using k=207 columns.
[Task 1] k=207. layer1 input (64, 784) -> z (64, 50); layer2 input (64, 50) -> logits (64,)
Norm ||W||_F after task 1 = 1.910261
[SVD-CL] After task 1:  99.95%  53.77%

=== [SVD-CL] Subspace prep for Task 3: 4 vs 5 (task 2) ===
[DATA] Training on: Task 3: 4 vs 5 | train_size=11263
[DATA] Test set: 1874 examples
Shape of X = torch.Size([784, 24754])
  First s_j < 0.01 at j=653 (0-index). Using k=131 columns.
[Task 2] k=131. layer1 input (64, 784) -> z (64, 50); layer2 input (64, 50) -> logits (64,)
Norm ||W||_F after task 2 = 1.917794
[SVD-CL] After task 2:  99.95%  53.77%  48.13%

=== [SVD-CL] Subspace prep for Task 4: 6 vs 7 (task 3) ===
[DATA] Training on: Task 4: 6 vs 7 | train_size=12183
[DATA] Test set: 1986 examples
Shape of X = torch.Size([784, 36017])
  First s_j < 0.01 at j=670 (0-index). Using k=114 columns.
[Task 3] k=114. layer1 input (64, 784) -> z (64, 50); layer2 input (64, 50) -> logits (64,)
Norm ||W||_F after task 3 = 2.035830
[SVD-CL] After task 3:  99.95%  53.77%  48.13%  61.98%

=== [SVD-CL] Subspace prep for Task 5: 8 vs 9 (task 4) ===
[DATA] Training on: Task 5: 8 vs 9 | train_size=11800
[DATA] Test set: 1983 examples
Shape of X = torch.Size([784, 48200])
  First s_j < 0.01 at j=708 (0-index). Using k=76 columns.
[Task 4] k=76. layer1 input (64, 784) -> z (64, 50); layer2 input (64, 50) -> logits (64,)
Norm ||W||_F after task 4 = 2.035830
[SVD-CL] After task 4:  99.95%  53.77%  48.13%  61.98%  64.25%

[SVD-CL] Final accuracy matrix (rows: after task t, cols: test head u ≤ t):
t=0:  99.95%   ----    ----    ----    ---- 
t=1:  99.95%  53.77%   ----    ----    ---- 
t=2:  99.95%  53.77%  48.13%   ----    ---- 
t=3:  99.95%  53.77%  48.13%  61.98%   ---- 
t=4:  99.95%  53.77%  48.13%  61.98%  64.25%
Training time = 172.6607789993286

 ------------------- 

[{'name': 'Task 1: 0 vs 1', 'train': <torch.utils.data.dataloader.DataLoader object at 0x769962953130>, 'test': <torch.utils.data.dataloader.DataLoader object at 0x769962953310>, 'train_dataset': <torch.utils.data.dataset.TensorDataset object at 0x769962952f50>}, {'name': 'Task 2: 2 vs 3', 'train': <torch.utils.data.dataloader.DataLoader object at 0x769962953490>, 'test': <torch.utils.data.dataloader.DataLoader object at 0x7699629535b0>, 'train_dataset': <torch.utils.data.dataset.TensorDataset object at 0x769962953400>}, {'name': 'Task 3: 4 vs 5', 'train': <torch.utils.data.dataloader.DataLoader object at 0x769962953730>, 'test': <torch.utils.data.dataloader.DataLoader object at 0x769962953850>, 'train_dataset': <torch.utils.data.dataset.TensorDataset object at 0x7699629536a0>}, {'name': 'Task 4: 6 vs 7', 'train': <torch.utils.data.dataloader.DataLoader object at 0x7699629539d0>, 'test': <torch.utils.data.dataloader.DataLoader object at 0x769962953af0>, 'train_dataset': <torch.utils.data.dataset.TensorDataset object at 0x769962953940>}, {'name': 'Task 5: 8 vs 9', 'train': <torch.utils.data.dataloader.DataLoader object at 0x769962953c70>, 'test': <torch.utils.data.dataloader.DataLoader object at 0x769962953d90>, 'train_dataset': <torch.utils.data.dataset.TensorDataset object at 0x769962953be0>}]
=== [SVD-CL] Training initial task with W trainable ===
[DATA] Training on: Task 1: 0 vs 1 | train_size=12665
[DATA] Test set: 2115 examples
[Task 0] layer1 input (64, 784)  -> z (64, 50); layer2 input (64, 50) -> logits (64,)
Norm ||W||_F after task 0 = 1.902147
[SVD-CL] After task 0:  99.95%

=== [SVD-CL] Subspace prep for Task 2: 2 vs 3 (task 1) ===
[DATA] Training on: Task 2: 2 vs 3 | train_size=12089
[DATA] Test set: 2042 examples
Shape of X = torch.Size([784, 12665])
Traceback (most recent call last):
  File "/ephemeral/home2/cuong/Projects/OrthoCL/toy_exps/toy_splitMNIST_svd.py", line 289, in <module>
    _ = run_training(
  File "/ephemeral/home2/cuong/Projects/OrthoCL/toy_exps/toy_splitMNIST_svd.py", line 260, in run_training
    print(f"Maximum s_i = {S[0, 0]}")
IndexError: too many indices for tensor of dimension 1
[{'name': 'Task 1: 0 vs 1', 'train': <torch.utils.data.dataloader.DataLoader object at 0x72275a74f1f0>, 'test': <torch.utils.data.dataloader.DataLoader object at 0x72275a74f3d0>, 'train_dataset': <torch.utils.data.dataset.TensorDataset object at 0x72275a74f010>}, {'name': 'Task 2: 2 vs 3', 'train': <torch.utils.data.dataloader.DataLoader object at 0x72275a74f550>, 'test': <torch.utils.data.dataloader.DataLoader object at 0x72275a74f670>, 'train_dataset': <torch.utils.data.dataset.TensorDataset object at 0x72275a74f4c0>}, {'name': 'Task 3: 4 vs 5', 'train': <torch.utils.data.dataloader.DataLoader object at 0x72275a74f7f0>, 'test': <torch.utils.data.dataloader.DataLoader object at 0x72275a74f910>, 'train_dataset': <torch.utils.data.dataset.TensorDataset object at 0x72275a74f760>}, {'name': 'Task 4: 6 vs 7', 'train': <torch.utils.data.dataloader.DataLoader object at 0x72275a74fa90>, 'test': <torch.utils.data.dataloader.DataLoader object at 0x72275a74fbb0>, 'train_dataset': <torch.utils.data.dataset.TensorDataset object at 0x72275a74fa00>}, {'name': 'Task 5: 8 vs 9', 'train': <torch.utils.data.dataloader.DataLoader object at 0x72275a74fd30>, 'test': <torch.utils.data.dataloader.DataLoader object at 0x72275a74fe50>, 'train_dataset': <torch.utils.data.dataset.TensorDataset object at 0x72275a74fca0>}]
=== [SVD-CL] Training initial task with W trainable ===
[DATA] Training on: Task 1: 0 vs 1 | train_size=12665
[DATA] Test set: 2115 examples
[Task 0] layer1 input (64, 784)  -> z (64, 50); layer2 input (64, 50) -> logits (64,)
Norm ||W||_F after task 0 = 1.902147
[SVD-CL] After task 0:  99.95%

=== [SVD-CL] Subspace prep for Task 2: 2 vs 3 (task 1) ===
[DATA] Training on: Task 2: 2 vs 3 | train_size=12089
[DATA] Test set: 2042 examples
Shape of X = torch.Size([784, 12665])
Maximum singular value = 701.964783
  First s_j < 0.01 at j=577 (0-index). Using k=207 columns.
[Task 1] k=207. layer1 input (64, 784) -> z (64, 50); layer2 input (64, 50) -> logits (64,)
Norm ||W||_F after task 1 = 1.910261
[SVD-CL] After task 1:  99.95%  53.77%

=== [SVD-CL] Subspace prep for Task 3: 4 vs 5 (task 2) ===
[DATA] Training on: Task 3: 4 vs 5 | train_size=11263
[DATA] Test set: 1874 examples
Shape of X = torch.Size([784, 24754])
Maximum singular value = 1001.801575
  First s_j < 0.01 at j=653 (0-index). Using k=131 columns.
[Task 2] k=131. layer1 input (64, 784) -> z (64, 50); layer2 input (64, 50) -> logits (64,)
Norm ||W||_F after task 2 = 1.917794
[SVD-CL] After task 2:  99.95%  53.77%  48.13%

=== [SVD-CL] Subspace prep for Task 4: 6 vs 7 (task 3) ===
[DATA] Training on: Task 4: 6 vs 7 | train_size=12183
[DATA] Test set: 1986 examples
Shape of X = torch.Size([784, 36017])
Maximum singular value = 1164.684692
  First s_j < 0.01 at j=670 (0-index). Using k=114 columns.
[Task 3] k=114. layer1 input (64, 784) -> z (64, 50); layer2 input (64, 50) -> logits (64,)
Norm ||W||_F after task 3 = 2.035830
[SVD-CL] After task 3:  99.95%  53.77%  48.13%  61.98%

=== [SVD-CL] Subspace prep for Task 5: 8 vs 9 (task 4) ===
[DATA] Training on: Task 5: 8 vs 9 | train_size=11800
[DATA] Test set: 1983 examples
Shape of X = torch.Size([784, 48200])
Maximum singular value = 1328.457886
  First s_j < 0.01 at j=708 (0-index). Using k=76 columns.
[Task 4] k=76. layer1 input (64, 784) -> z (64, 50); layer2 input (64, 50) -> logits (64,)
Norm ||W||_F after task 4 = 2.035830
[SVD-CL] After task 4:  99.95%  53.77%  48.13%  61.98%  64.25%

[SVD-CL] Final accuracy matrix (rows: after task t, cols: test head u ≤ t):
t=0:  99.95%   ----    ----    ----    ---- 
t=1:  99.95%  53.77%   ----    ----    ---- 
t=2:  99.95%  53.77%  48.13%   ----    ---- 
t=3:  99.95%  53.77%  48.13%  61.98%   ---- 
t=4:  99.95%  53.77%  48.13%  61.98%  64.25%
Training time = 159.79504489898682

 ------------------- 

[{'name': 'Task 1: 0 vs 1', 'train': <torch.utils.data.dataloader.DataLoader object at 0x724868160550>, 'test': <torch.utils.data.dataloader.DataLoader object at 0x724868160730>, 'train_dataset': <torch.utils.data.dataset.TensorDataset object at 0x724868160370>}, {'name': 'Task 2: 2 vs 3', 'train': <torch.utils.data.dataloader.DataLoader object at 0x7248681608b0>, 'test': <torch.utils.data.dataloader.DataLoader object at 0x7248681609d0>, 'train_dataset': <torch.utils.data.dataset.TensorDataset object at 0x724868160820>}, {'name': 'Task 3: 4 vs 5', 'train': <torch.utils.data.dataloader.DataLoader object at 0x724868160b50>, 'test': <torch.utils.data.dataloader.DataLoader object at 0x724868160c70>, 'train_dataset': <torch.utils.data.dataset.TensorDataset object at 0x724868160ac0>}, {'name': 'Task 4: 6 vs 7', 'train': <torch.utils.data.dataloader.DataLoader object at 0x724868160df0>, 'test': <torch.utils.data.dataloader.DataLoader object at 0x724868160f10>, 'train_dataset': <torch.utils.data.dataset.TensorDataset object at 0x724868160d60>}, {'name': 'Task 5: 8 vs 9', 'train': <torch.utils.data.dataloader.DataLoader object at 0x724868161090>, 'test': <torch.utils.data.dataloader.DataLoader object at 0x7248681611b0>, 'train_dataset': <torch.utils.data.dataset.TensorDataset object at 0x724868161000>}]
=== [SVD-CL] Training initial task with W trainable ===
[DATA] Training on: Task 1: 0 vs 1 | train_size=12665
[DATA] Test set: 2115 examples
[Task 0] layer1 input (64, 784)  -> z (64, 50); layer2 input (64, 50) -> logits (64,)
Norm ||W||_F after task 0 = 1.902147
[SVD-CL] After task 0:  99.95%

=== [SVD-CL] Subspace prep for Task 2: 2 vs 3 (task 1) ===
[DATA] Training on: Task 2: 2 vs 3 | train_size=12089
[DATA] Test set: 2042 examples
Shape of X = torch.Size([784, 12665])
Maximum singular value = 701.964783
  First s_j < 0.01 at j=577 (0-index). Using k=207 columns.
[Task 1] k=207. layer1 input (64, 784) -> z (64, 50); layer2 input (64, 50) -> logits (64,)
  [NORM][task 1][pre-commit] task=1 ||W||_F=1.902147  ||W_eff||_F=1.902147  ||head[1].W||_F=0.612073  ||bias||_2=0.093082
Norm ||W||_F after task 1 = 1.910261
[SVD-CL] After task 1:  99.95%  53.77%

=== [SVD-CL] Subspace prep for Task 3: 4 vs 5 (task 2) ===
[DATA] Training on: Task 3: 4 vs 5 | train_size=11263
[DATA] Test set: 1874 examples
Shape of X = torch.Size([784, 24754])
Maximum singular value = 1001.801575
  First s_j < 0.01 at j=653 (0-index). Using k=131 columns.
[Task 2] k=131. layer1 input (64, 784) -> z (64, 50); layer2 input (64, 50) -> logits (64,)
  [NORM][task 2][pre-commit] task=2 ||W||_F=1.910261  ||W_eff||_F=1.910261  ||head[2].W||_F=0.565617  ||bias||_2=0.028938
Norm ||W||_F after task 2 = 1.917794
[SVD-CL] After task 2:  99.95%  53.77%  48.13%

=== [SVD-CL] Subspace prep for Task 4: 6 vs 7 (task 3) ===
[DATA] Training on: Task 4: 6 vs 7 | train_size=12183
[DATA] Test set: 1986 examples
Shape of X = torch.Size([784, 36017])
Maximum singular value = 1164.684692
  First s_j < 0.01 at j=670 (0-index). Using k=114 columns.
[Task 3] k=114. layer1 input (64, 784) -> z (64, 50); layer2 input (64, 50) -> logits (64,)
  [NORM][task 3][pre-commit] task=3 ||W||_F=1.917794  ||W_eff||_F=1.917795  ||head[3].W||_F=0.573148  ||bias||_2=0.091703
Norm ||W||_F after task 3 = 2.035830
[SVD-CL] After task 3:  99.95%  53.77%  48.13%  61.98%

=== [SVD-CL] Subspace prep for Task 5: 8 vs 9 (task 4) ===
[DATA] Training on: Task 5: 8 vs 9 | train_size=11800
[DATA] Test set: 1983 examples
Shape of X = torch.Size([784, 48200])
Maximum singular value = 1328.457886
  First s_j < 0.01 at j=708 (0-index). Using k=76 columns.
[Task 4] k=76. layer1 input (64, 784) -> z (64, 50); layer2 input (64, 50) -> logits (64,)
  [NORM][task 4][pre-commit] task=4 ||W||_F=2.035830  ||W_eff||_F=2.035830  ||head[4].W||_F=0.538297  ||bias||_2=0.075809
Norm ||W||_F after task 4 = 2.035830
[SVD-CL] After task 4:  99.95%  53.77%  48.13%  61.98%  64.25%

[SVD-CL] Final accuracy matrix (rows: after task t, cols: test head u ≤ t):
t=0:  99.95%   ----    ----    ----    ---- 
t=1:  99.95%  53.77%   ----    ----    ---- 
t=2:  99.95%  53.77%  48.13%   ----    ---- 
t=3:  99.95%  53.77%  48.13%  61.98%   ---- 
t=4:  99.95%  53.77%  48.13%  61.98%  64.25%
Training time = 183.50152587890625

 ------------------- 

[{'name': 'Task 1: 0 vs 1', 'train': <torch.utils.data.dataloader.DataLoader object at 0x78af66b56110>, 'test': <torch.utils.data.dataloader.DataLoader object at 0x78af66b562f0>, 'train_dataset': <torch.utils.data.dataset.TensorDataset object at 0x78af66b55f00>}, {'name': 'Task 2: 2 vs 3', 'train': <torch.utils.data.dataloader.DataLoader object at 0x78af66b56470>, 'test': <torch.utils.data.dataloader.DataLoader object at 0x78af66b56590>, 'train_dataset': <torch.utils.data.dataset.TensorDataset object at 0x78af66b563e0>}, {'name': 'Task 3: 4 vs 5', 'train': <torch.utils.data.dataloader.DataLoader object at 0x78af66b56710>, 'test': <torch.utils.data.dataloader.DataLoader object at 0x78af66b56830>, 'train_dataset': <torch.utils.data.dataset.TensorDataset object at 0x78af66b56680>}, {'name': 'Task 4: 6 vs 7', 'train': <torch.utils.data.dataloader.DataLoader object at 0x78af66b569b0>, 'test': <torch.utils.data.dataloader.DataLoader object at 0x78af66b56ad0>, 'train_dataset': <torch.utils.data.dataset.TensorDataset object at 0x78af66b56920>}, {'name': 'Task 5: 8 vs 9', 'train': <torch.utils.data.dataloader.DataLoader object at 0x78af66b56c50>, 'test': <torch.utils.data.dataloader.DataLoader object at 0x78af66b56d70>, 'train_dataset': <torch.utils.data.dataset.TensorDataset object at 0x78af66b56bc0>}]
=== [SVD-CL] Training initial task with W trainable ===
[DATA] Training on: Task 1: 0 vs 1 | train_size=12665
[DATA] Test set: 2115 examples
[Task 0] layer1 input (64, 784)  -> z (64, 50); layer2 input (64, 50) -> logits (64,)
[INPUTS][task 0] layer1 input X shape=(64, 784) | layer2 input Z shape=(64, 50)
Norm ||W||_F after task 0 = 1.902147
[SVD-CL] After task 0:  99.95%

=== [SVD-CL] Subspace prep for Task 2: 2 vs 3 (task 1) ===
[DATA] Training on: Task 2: 2 vs 3 | train_size=12089
[DATA] Test set: 2042 examples
Shape of X = torch.Size([784, 12665])
Maximum singular value = 701.964783
  First s_j < 0.01 at j=577 (0-index). Using k=207 columns.
[Task 1] k=207. layer1 input (64, 784) -> z (64, 50); layer2 input (64, 50) -> logits (64,)
Traceback (most recent call last):
  File "/ephemeral/home2/cuong/Projects/OrthoCL/toy_exps/toy_splitMNIST_svd.py", line 360, in <module>
    _ = run_training(
  File "/ephemeral/home2/cuong/Projects/OrthoCL/toy_exps/toy_splitMNIST_svd.py", line 341, in run_training
    train_task_i(
  File "/ephemeral/home2/cuong/Projects/OrthoCL/toy_exps/toy_splitMNIST_svd.py", line 277, in train_task_i
    get_inputs_v2(model, loader, device, task_id=head_id, W_eff=W_eff_now, maxN=64)
  File "/ephemeral/home2/cuong/Projects/OrthoCL/toy_exps/toy_splitMNIST_svd.py", line 134, in get_inputs_v2
    X_in = get_inputs(net, model, loader, maxN, device)
  File "/ephemeral/home2/cuong/Projects/OrthoCL/toy_exps/toy_splitMNIST_svd.py", line 120, in get_inputs
    inputs = torch.cat(inputs, dim=0)
RuntimeError: torch.cat(): expected a non-empty list of Tensors
[{'name': 'Task 1: 0 vs 1', 'train': <torch.utils.data.dataloader.DataLoader object at 0x713997d56620>, 'test': <torch.utils.data.dataloader.DataLoader object at 0x713997d56800>, 'train_dataset': <torch.utils.data.dataset.TensorDataset object at 0x713997d56410>}, {'name': 'Task 2: 2 vs 3', 'train': <torch.utils.data.dataloader.DataLoader object at 0x713997d56980>, 'test': <torch.utils.data.dataloader.DataLoader object at 0x713997d56aa0>, 'train_dataset': <torch.utils.data.dataset.TensorDataset object at 0x713997d568f0>}, {'name': 'Task 3: 4 vs 5', 'train': <torch.utils.data.dataloader.DataLoader object at 0x713997d56c20>, 'test': <torch.utils.data.dataloader.DataLoader object at 0x713997d56d40>, 'train_dataset': <torch.utils.data.dataset.TensorDataset object at 0x713997d56b90>}, {'name': 'Task 4: 6 vs 7', 'train': <torch.utils.data.dataloader.DataLoader object at 0x713997d56ec0>, 'test': <torch.utils.data.dataloader.DataLoader object at 0x713997d56fe0>, 'train_dataset': <torch.utils.data.dataset.TensorDataset object at 0x713997d56e30>}, {'name': 'Task 5: 8 vs 9', 'train': <torch.utils.data.dataloader.DataLoader object at 0x713997d57160>, 'test': <torch.utils.data.dataloader.DataLoader object at 0x713997d57280>, 'train_dataset': <torch.utils.data.dataset.TensorDataset object at 0x713997d570d0>}]
=== [SVD-CL] Training initial task with W trainable ===
[DATA] Training on: Task 1: 0 vs 1 | train_size=12665
[DATA] Test set: 2115 examples
Traceback (most recent call last):
  File "/ephemeral/home2/cuong/Projects/OrthoCL/toy_exps/toy_splitMNIST_svd.py", line 368, in <module>
    _ = run_training(
  File "/ephemeral/home2/cuong/Projects/OrthoCL/toy_exps/toy_splitMNIST_svd.py", line 318, in run_training
    first_task_train(
  File "/ephemeral/home2/cuong/Projects/OrthoCL/toy_exps/toy_splitMNIST_svd.py", line 219, in first_task_train
    logits, z = model.forward_with_W(x, model.W, task_id=0)
ValueError: too many values to unpack (expected 2)
[{'name': 'Task 1: 0 vs 1', 'train': <torch.utils.data.dataloader.DataLoader object at 0x74f083156680>, 'test': <torch.utils.data.dataloader.DataLoader object at 0x74f083156860>, 'train_dataset': <torch.utils.data.dataset.TensorDataset object at 0x74f083156470>}, {'name': 'Task 2: 2 vs 3', 'train': <torch.utils.data.dataloader.DataLoader object at 0x74f0831569e0>, 'test': <torch.utils.data.dataloader.DataLoader object at 0x74f083156b00>, 'train_dataset': <torch.utils.data.dataset.TensorDataset object at 0x74f083156950>}, {'name': 'Task 3: 4 vs 5', 'train': <torch.utils.data.dataloader.DataLoader object at 0x74f083156c80>, 'test': <torch.utils.data.dataloader.DataLoader object at 0x74f083156da0>, 'train_dataset': <torch.utils.data.dataset.TensorDataset object at 0x74f083156bf0>}, {'name': 'Task 4: 6 vs 7', 'train': <torch.utils.data.dataloader.DataLoader object at 0x74f083156f20>, 'test': <torch.utils.data.dataloader.DataLoader object at 0x74f083157040>, 'train_dataset': <torch.utils.data.dataset.TensorDataset object at 0x74f083156e90>}, {'name': 'Task 5: 8 vs 9', 'train': <torch.utils.data.dataloader.DataLoader object at 0x74f0831571c0>, 'test': <torch.utils.data.dataloader.DataLoader object at 0x74f0831572e0>, 'train_dataset': <torch.utils.data.dataset.TensorDataset object at 0x74f083157130>}]
=== [SVD-CL] Training initial task with W trainable ===
[DATA] Training on: Task 1: 0 vs 1 | train_size=12665
[DATA] Test set: 2115 examples
[Task 0] layer1 input (64, 784)  -> z (64, 50); layer2 input (64, 50) -> logits (64,)
[INPUTS][task 0] X (64, 784) | Z_pre (64, 50) | Z (64, 50)
Norm ||W||_F after task 0 = 0.000000
[SVD-CL] After task 0:  53.66%

=== [SVD-CL] Subspace prep for Task 2: 2 vs 3 (task 1) ===
[DATA] Training on: Task 2: 2 vs 3 | train_size=12089
[DATA] Test set: 2042 examples
Shape of X = torch.Size([784, 12665])
Maximum singular value = 701.964783
  First s_j < 0.01 at j=577 (0-index). Using k=207 columns.
Traceback (most recent call last):
  File "/ephemeral/home2/cuong/Projects/OrthoCL/toy_exps/toy_splitMNIST_svd.py", line 368, in <module>
    _ = run_training(
  File "/ephemeral/home2/cuong/Projects/OrthoCL/toy_exps/toy_splitMNIST_svd.py", line 349, in run_training
    train_task_i(
  File "/ephemeral/home2/cuong/Projects/OrthoCL/toy_exps/toy_splitMNIST_svd.py", line 274, in train_task_i
    logits, z = model.forward_with_W(x, W_eff, head_id)
ValueError: too many values to unpack (expected 2)
[{'name': 'Task 1: 0 vs 1', 'train': <torch.utils.data.dataloader.DataLoader object at 0x79d42db565f0>, 'test': <torch.utils.data.dataloader.DataLoader object at 0x79d42db567d0>, 'train_dataset': <torch.utils.data.dataset.TensorDataset object at 0x79d42db563e0>}, {'name': 'Task 2: 2 vs 3', 'train': <torch.utils.data.dataloader.DataLoader object at 0x79d42db56950>, 'test': <torch.utils.data.dataloader.DataLoader object at 0x79d42db56a70>, 'train_dataset': <torch.utils.data.dataset.TensorDataset object at 0x79d42db568c0>}, {'name': 'Task 3: 4 vs 5', 'train': <torch.utils.data.dataloader.DataLoader object at 0x79d42db56bf0>, 'test': <torch.utils.data.dataloader.DataLoader object at 0x79d42db56d10>, 'train_dataset': <torch.utils.data.dataset.TensorDataset object at 0x79d42db56b60>}, {'name': 'Task 4: 6 vs 7', 'train': <torch.utils.data.dataloader.DataLoader object at 0x79d42db56e90>, 'test': <torch.utils.data.dataloader.DataLoader object at 0x79d42db56fb0>, 'train_dataset': <torch.utils.data.dataset.TensorDataset object at 0x79d42db56e00>}, {'name': 'Task 5: 8 vs 9', 'train': <torch.utils.data.dataloader.DataLoader object at 0x79d42db57130>, 'test': <torch.utils.data.dataloader.DataLoader object at 0x79d42db57250>, 'train_dataset': <torch.utils.data.dataset.TensorDataset object at 0x79d42db570a0>}]
=== [SVD-CL] Training initial task with W trainable ===
[DATA] Training on: Task 1: 0 vs 1 | train_size=12665
[DATA] Test set: 2115 examples
[Task 0] layer1 input (64, 784)  -> z (64, 50); layer2 input (64, 50) -> logits (64,)
[INPUTS][task 0] X (64, 784) | Z_pre (64, 50) | Z (64, 50)
Norm ||W||_F after task 0 = 0.000000
[SVD-CL] After task 0:  53.66%

=== [SVD-CL] Subspace prep for Task 2: 2 vs 3 (task 1) ===
[DATA] Training on: Task 2: 2 vs 3 | train_size=12089
[DATA] Test set: 2042 examples
Shape of X = torch.Size([784, 12665])
Maximum singular value = 701.964783
  First s_j < 0.01 at j=577 (0-index). Using k=207 columns.
[Task 1] k=207. layer1 input (64, 784) -> z (64, 50); layer2 input (64, 50) -> logits (64,)
Traceback (most recent call last):
  File "/ephemeral/home2/cuong/Projects/OrthoCL/toy_exps/toy_splitMNIST_svd.py", line 368, in <module>
    _ = run_training(
  File "/ephemeral/home2/cuong/Projects/OrthoCL/toy_exps/toy_splitMNIST_svd.py", line 349, in run_training
    train_task_i(
  File "/ephemeral/home2/cuong/Projects/OrthoCL/toy_exps/toy_splitMNIST_svd.py", line 284, in train_task_i
    get_inputs_with_activation(model, loader, device, task_id=head_id, W_eff=W_eff_now, maxN=64)
  File "/ephemeral/home2/cuong/Projects/OrthoCL/toy_exps/toy_splitMNIST_svd.py", line 131, in get_inputs_with_activation
    X_in  = get_inputs(net, model,                 loader, maxN, device)             # raw network input
  File "/ephemeral/home2/cuong/Projects/OrthoCL/toy_exps/toy_splitMNIST_svd.py", line 120, in get_inputs
    inputs = torch.cat(inputs, dim=0)
RuntimeError: torch.cat(): expected a non-empty list of Tensors
[{'name': 'Task 1: 0 vs 1', 'train': <torch.utils.data.dataloader.DataLoader object at 0x712684356ef0>, 'test': <torch.utils.data.dataloader.DataLoader object at 0x7126843570d0>, 'train_dataset': <torch.utils.data.dataset.TensorDataset object at 0x712684356c80>}, {'name': 'Task 2: 2 vs 3', 'train': <torch.utils.data.dataloader.DataLoader object at 0x712684357250>, 'test': <torch.utils.data.dataloader.DataLoader object at 0x712684357370>, 'train_dataset': <torch.utils.data.dataset.TensorDataset object at 0x7126843571c0>}, {'name': 'Task 3: 4 vs 5', 'train': <torch.utils.data.dataloader.DataLoader object at 0x7126843574f0>, 'test': <torch.utils.data.dataloader.DataLoader object at 0x712684357610>, 'train_dataset': <torch.utils.data.dataset.TensorDataset object at 0x712684357460>}, {'name': 'Task 4: 6 vs 7', 'train': <torch.utils.data.dataloader.DataLoader object at 0x712684357790>, 'test': <torch.utils.data.dataloader.DataLoader object at 0x7126843578b0>, 'train_dataset': <torch.utils.data.dataset.TensorDataset object at 0x712684357700>}, {'name': 'Task 5: 8 vs 9', 'train': <torch.utils.data.dataloader.DataLoader object at 0x712684357a30>, 'test': <torch.utils.data.dataloader.DataLoader object at 0x712684357b50>, 'train_dataset': <torch.utils.data.dataset.TensorDataset object at 0x7126843579a0>}]
=== [SVD-CL] Training initial task with W trainable ===
[DATA] Training on: Task 1: 0 vs 1 | train_size=12665
[DATA] Test set: 2115 examples
[Task 0] layer1 input (64, 784)  -> z (64, 50); layer2 input (64, 50) -> logits (64,)
[INPUTS][task 0] X (64, 784) | Z_pre (64, 50) | Z (64, 50)
Norm ||W||_F after task 0 = 0.000000
[{'name': 'Task 1: 0 vs 1', 'train': <torch.utils.data.dataloader.DataLoader object at 0x7d7535b4af20>, 'test': <torch.utils.data.dataloader.DataLoader object at 0x7d7535b4b100>, 'train_dataset': <torch.utils.data.dataset.TensorDataset object at 0x7d7535b4acb0>}, {'name': 'Task 2: 2 vs 3', 'train': <torch.utils.data.dataloader.DataLoader object at 0x7d7535b4b280>, 'test': <torch.utils.data.dataloader.DataLoader object at 0x7d7535b4b3a0>, 'train_dataset': <torch.utils.data.dataset.TensorDataset object at 0x7d7535b4b1f0>}, {'name': 'Task 3: 4 vs 5', 'train': <torch.utils.data.dataloader.DataLoader object at 0x7d7535b4b520>, 'test': <torch.utils.data.dataloader.DataLoader object at 0x7d7535b4b640>, 'train_dataset': <torch.utils.data.dataset.TensorDataset object at 0x7d7535b4b490>}, {'name': 'Task 4: 6 vs 7', 'train': <torch.utils.data.dataloader.DataLoader object at 0x7d7535b4b7c0>, 'test': <torch.utils.data.dataloader.DataLoader object at 0x7d7535b4b8e0>, 'train_dataset': <torch.utils.data.dataset.TensorDataset object at 0x7d7535b4b730>}, {'name': 'Task 5: 8 vs 9', 'train': <torch.utils.data.dataloader.DataLoader object at 0x7d7535b4ba60>, 'test': <torch.utils.data.dataloader.DataLoader object at 0x7d7535b4bb80>, 'train_dataset': <torch.utils.data.dataset.TensorDataset object at 0x7d7535b4b9d0>}]
=== [SVD-CL] Training initial task with W trainable ===
[DATA] Training on: Task 1: 0 vs 1 | train_size=12665
[DATA] Test set: 2115 examples
[Task 0] layer1 input (64, 784)  -> z (64, 50); layer2 input (64, 50) -> logits (64,)
[INPUTS][task 0] X (64, 784) | Z_pre (64, 50) | Z (64, 50)
Norm ||W||_F after task 0 = 0.000000
[SVD-CL] After task 0:  53.66%

=== [SVD-CL] Subspace prep for Task 2: 2 vs 3 (task 1) ===
[DATA] Training on: Task 2: 2 vs 3 | train_size=12089
[DATA] Test set: 2042 examples
Shape of X = torch.Size([784, 12665])
Maximum singular value = 701.964783
  First s_j < 0.01 at j=577 (0-index). Using k=207 columns.
[Task 1] k=207. layer1 input (64, 784) -> z (64, 50); layer2 input (64, 50) -> logits (64,)
[INPUTS][task 1] X (64, 784) | Z_pre (64, 50) | Z (64, 50)
Norm ||W||_F after task 1 = 0.000000
[SVD-CL] After task 1:  53.66%  49.46%

=== [SVD-CL] Subspace prep for Task 3: 4 vs 5 (task 2) ===
[DATA] Training on: Task 3: 4 vs 5 | train_size=11263
[DATA] Test set: 1874 examples
Shape of X = torch.Size([784, 24754])
Maximum singular value = 1001.801575
  First s_j < 0.01 at j=653 (0-index). Using k=131 columns.
[Task 2] k=131. layer1 input (64, 784) -> z (64, 50); layer2 input (64, 50) -> logits (64,)
[INPUTS][task 2] X (64, 784) | Z_pre (64, 50) | Z (64, 50)
Norm ||W||_F after task 2 = 0.000000
[SVD-CL] After task 2:  53.66%  49.46%  52.40%

=== [SVD-CL] Subspace prep for Task 4: 6 vs 7 (task 3) ===
[DATA] Training on: Task 4: 6 vs 7 | train_size=12183
[DATA] Test set: 1986 examples
Shape of X = torch.Size([784, 36017])
Maximum singular value = 1164.684692
  First s_j < 0.01 at j=670 (0-index). Using k=114 columns.
[Task 3] k=114. layer1 input (64, 784) -> z (64, 50); layer2 input (64, 50) -> logits (64,)
[INPUTS][task 3] X (64, 784) | Z_pre (64, 50) | Z (64, 50)
Norm ||W||_F after task 3 = 0.000000
[SVD-CL] After task 3:  53.66%  49.46%  52.40%  51.76%

=== [SVD-CL] Subspace prep for Task 5: 8 vs 9 (task 4) ===
[DATA] Training on: Task 5: 8 vs 9 | train_size=11800
[DATA] Test set: 1983 examples
Shape of X = torch.Size([784, 48200])
Maximum singular value = 1328.457886
  First s_j < 0.01 at j=708 (0-index). Using k=76 columns.
[Task 4] k=76. layer1 input (64, 784) -> z (64, 50); layer2 input (64, 50) -> logits (64,)
[INPUTS][task 4] X (64, 784) | Z_pre (64, 50) | Z (64, 50)
Norm ||W||_F after task 4 = 0.000000
[SVD-CL] After task 4:  53.66%  49.46%  52.40%  51.76%  50.88%

[SVD-CL] Final accuracy matrix (rows: after task t, cols: test head u ≤ t):
t=0:  53.66%   ----    ----    ----    ---- 
t=1:  53.66%  49.46%   ----    ----    ---- 
t=2:  53.66%  49.46%  52.40%   ----    ---- 
t=3:  53.66%  49.46%  52.40%  51.76%   ---- 
t=4:  53.66%  49.46%  52.40%  51.76%  50.88%
Training time = 148.8527901172638

 ------------------- 

[{'name': 'Task 1: 0 vs 1', 'train': <torch.utils.data.dataloader.DataLoader object at 0x7eece9552ef0>, 'test': <torch.utils.data.dataloader.DataLoader object at 0x7eece95530d0>, 'train_dataset': <torch.utils.data.dataset.TensorDataset object at 0x7eece9552c80>}, {'name': 'Task 2: 2 vs 3', 'train': <torch.utils.data.dataloader.DataLoader object at 0x7eece9553250>, 'test': <torch.utils.data.dataloader.DataLoader object at 0x7eece9553370>, 'train_dataset': <torch.utils.data.dataset.TensorDataset object at 0x7eece95531c0>}, {'name': 'Task 3: 4 vs 5', 'train': <torch.utils.data.dataloader.DataLoader object at 0x7eece95534f0>, 'test': <torch.utils.data.dataloader.DataLoader object at 0x7eece9553610>, 'train_dataset': <torch.utils.data.dataset.TensorDataset object at 0x7eece9553460>}, {'name': 'Task 4: 6 vs 7', 'train': <torch.utils.data.dataloader.DataLoader object at 0x7eece9553790>, 'test': <torch.utils.data.dataloader.DataLoader object at 0x7eece95538b0>, 'train_dataset': <torch.utils.data.dataset.TensorDataset object at 0x7eece9553700>}, {'name': 'Task 5: 8 vs 9', 'train': <torch.utils.data.dataloader.DataLoader object at 0x7eece9553a30>, 'test': <torch.utils.data.dataloader.DataLoader object at 0x7eece9553b50>, 'train_dataset': <torch.utils.data.dataset.TensorDataset object at 0x7eece95539a0>}]
=== [SVD-CL] Training initial task with W trainable ===
[DATA] Training on: Task 1: 0 vs 1 | train_size=12665
[DATA] Test set: 2115 examples
[Task 0] layer1 input (64, 784)  -> z (64, 50); layer2 input (64, 50) -> logits (64,)
[INPUTS][task 0] X (64, 784) | Z_pre (64, 50) | Z (64, 50)
Norm ||W||_F after task 0 = 0.000000
[SVD-CL] After task 0:  53.66%

=== [SVD-CL] Subspace prep for Task 2: 2 vs 3 (task 1) ===
[DATA] Training on: Task 2: 2 vs 3 | train_size=12089
[DATA] Test set: 2042 examples
Shape of X = torch.Size([784, 12665])
Maximum singular value = 701.964783
  First s_j < 100 at j=9 (0-index). Using k=775 columns.
[Task 1] k=775. layer1 input (64, 784) -> z (64, 50); layer2 input (64, 50) -> logits (64,)
[INPUTS][task 1] X (64, 784) | Z_pre (64, 50) | Z (64, 50)
Norm ||W||_F after task 1 = 0.000000
[SVD-CL] After task 1:  53.66%  49.46%

=== [SVD-CL] Subspace prep for Task 3: 4 vs 5 (task 2) ===
[DATA] Training on: Task 3: 4 vs 5 | train_size=11263
[DATA] Test set: 1874 examples
Shape of X = torch.Size([784, 24754])
Maximum singular value = 1001.801575
  First s_j < 100 at j=24 (0-index). Using k=760 columns.
[Task 2] k=760. layer1 input (64, 784) -> z (64, 50); layer2 input (64, 50) -> logits (64,)
[INPUTS][task 2] X (64, 784) | Z_pre (64, 50) | Z (64, 50)
Norm ||W||_F after task 2 = 0.000000
[SVD-CL] After task 2:  53.66%  49.46%  52.40%

=== [SVD-CL] Subspace prep for Task 4: 6 vs 7 (task 3) ===
[DATA] Training on: Task 4: 6 vs 7 | train_size=12183
[DATA] Test set: 1986 examples
Shape of X = torch.Size([784, 36017])
Maximum singular value = 1164.684692
  First s_j < 100 at j=35 (0-index). Using k=749 columns.
[Task 3] k=749. layer1 input (64, 784) -> z (64, 50); layer2 input (64, 50) -> logits (64,)
[INPUTS][task 3] X (64, 784) | Z_pre (64, 50) | Z (64, 50)
Norm ||W||_F after task 3 = 0.000000
[SVD-CL] After task 3:  53.66%  49.46%  52.40%  51.76%

=== [SVD-CL] Subspace prep for Task 5: 8 vs 9 (task 4) ===
[DATA] Training on: Task 5: 8 vs 9 | train_size=11800
[DATA] Test set: 1983 examples
Shape of X = torch.Size([784, 48200])
Maximum singular value = 1328.457886
  First s_j < 100 at j=43 (0-index). Using k=741 columns.
[Task 4] k=741. layer1 input (64, 784) -> z (64, 50); layer2 input (64, 50) -> logits (64,)
[INPUTS][task 4] X (64, 784) | Z_pre (64, 50) | Z (64, 50)
Norm ||W||_F after task 4 = 0.000000
[SVD-CL] After task 4:  53.66%  49.46%  52.40%  51.76%  50.88%

[SVD-CL] Final accuracy matrix (rows: after task t, cols: test head u ≤ t):
t=0:  53.66%   ----    ----    ----    ---- 
t=1:  53.66%  49.46%   ----    ----    ---- 
t=2:  53.66%  49.46%  52.40%   ----    ---- 
t=3:  53.66%  49.46%  52.40%  51.76%   ---- 
t=4:  53.66%  49.46%  52.40%  51.76%  50.88%
Training time = 145.17508268356323

 ------------------- 

