
=== [SVD-CL] Training first task: Task 1: 0 vs 1 ===
[SVD-CL] After task 0:  99.95%
[RANK] heads.0.weight: rank=1 (shape=(1, 50)) | heads.1.weight: rank=1 (shape=(1, 50)) | heads.2.weight: rank=1 (shape=(1, 50)) | heads.3.weight: rank=1 (shape=(1, 50)) | heads.4.weight: rank=1 (shape=(1, 50))

=== [SVD-CL] Preparing subspace for Task 2: 2 vs 3 (task 1) ===
Shape of X = torch.Size([784, 25330])

  First s_j < 0.01 at j=577; using k=207 columns.
[SVD-CL] After task 1:  99.95%  62.68%
[RANK] heads.0.weight: rank=1 (shape=(1, 50)) | heads.1.weight: rank=1 (shape=(1, 50)) | heads.2.weight: rank=1 (shape=(1, 50)) | heads.3.weight: rank=1 (shape=(1, 50)) | heads.4.weight: rank=1 (shape=(1, 50))

=== [SVD-CL] Preparing subspace for Task 3: 4 vs 5 (task 2) ===
Shape of X = torch.Size([784, 37419])

  First s_j < 0.01 at j=653; using k=131 columns.
[SVD-CL] After task 2:  99.95%  62.68%  62.86%
[RANK] heads.0.weight: rank=1 (shape=(1, 50)) | heads.1.weight: rank=1 (shape=(1, 50)) | heads.2.weight: rank=1 (shape=(1, 50)) | heads.3.weight: rank=1 (shape=(1, 50)) | heads.4.weight: rank=1 (shape=(1, 50))

=== [SVD-CL] Preparing subspace for Task 4: 6 vs 7 (task 3) ===
Shape of X = torch.Size([784, 48682])

  First s_j < 0.01 at j=670; using k=114 columns.
[SVD-CL] After task 3:  99.95%  62.68%  62.86%  83.03%
[RANK] heads.0.weight: rank=1 (shape=(1, 50)) | heads.1.weight: rank=1 (shape=(1, 50)) | heads.2.weight: rank=1 (shape=(1, 50)) | heads.3.weight: rank=1 (shape=(1, 50)) | heads.4.weight: rank=1 (shape=(1, 50))

=== [SVD-CL] Preparing subspace for Task 5: 8 vs 9 (task 4) ===
Shape of X = torch.Size([784, 60865])

  First s_j < 0.01 at j=708; using k=76 columns.
[SVD-CL] After task 4:  99.95%  62.68%  62.86%  83.03%  73.42%
[RANK] heads.0.weight: rank=1 (shape=(1, 50)) | heads.1.weight: rank=1 (shape=(1, 50)) | heads.2.weight: rank=1 (shape=(1, 50)) | heads.3.weight: rank=1 (shape=(1, 50)) | heads.4.weight: rank=1 (shape=(1, 50))

[SVD-CL] Final accuracy matrix (rows: after task t, cols: u ≤ t):
t=0:  99.95%   ----    ----    ----    ---- 
t=1:  99.95%  62.68%   ----    ----    ---- 
t=2:  99.95%  62.68%  62.86%   ----    ---- 
t=3:  99.95%  62.68%  62.86%  83.03%   ---- 
t=4:  99.95%  62.68%  62.86%  83.03%  73.42%
Training time = 219.50141549110413

 ------------------- 


=== [SVD-CL] Training first task: Task 1: 0 vs 1 ===
[SVD-CL] After task 0:  99.95%
[RANK] heads.0.0.weight: rank=50 (shape=(50, 50)) | heads.0.1.weight: rank=1 (shape=(1, 50)) | heads.1.0.weight: rank=50 (shape=(50, 50)) | heads.1.1.weight: rank=1 (shape=(1, 50)) | heads.2.0.weight: rank=50 (shape=(50, 50)) | heads.2.1.weight: rank=1 (shape=(1, 50)) | heads.3.0.weight: rank=50 (shape=(50, 50)) | heads.3.1.weight: rank=1 (shape=(1, 50)) | heads.4.0.weight: rank=50 (shape=(50, 50)) | heads.4.1.weight: rank=1 (shape=(1, 50))

=== [SVD-CL] Preparing subspace for Task 2: 2 vs 3 (task 1) ===
Shape of X = torch.Size([784, 25330])

  First s_j < 0.01 at j=577; using k=207 columns.
[SVD-CL] After task 1:  99.95%  57.54%
[RANK] heads.0.0.weight: rank=50 (shape=(50, 50)) | heads.0.1.weight: rank=1 (shape=(1, 50)) | heads.1.0.weight: rank=50 (shape=(50, 50)) | heads.1.1.weight: rank=1 (shape=(1, 50)) | heads.2.0.weight: rank=50 (shape=(50, 50)) | heads.2.1.weight: rank=1 (shape=(1, 50)) | heads.3.0.weight: rank=50 (shape=(50, 50)) | heads.3.1.weight: rank=1 (shape=(1, 50)) | heads.4.0.weight: rank=50 (shape=(50, 50)) | heads.4.1.weight: rank=1 (shape=(1, 50))

=== [SVD-CL] Preparing subspace for Task 3: 4 vs 5 (task 2) ===
Shape of X = torch.Size([784, 37419])

  First s_j < 0.01 at j=653; using k=131 columns.
[SVD-CL] After task 2:  99.95%  57.54%  83.67%
[RANK] heads.0.0.weight: rank=50 (shape=(50, 50)) | heads.0.1.weight: rank=1 (shape=(1, 50)) | heads.1.0.weight: rank=50 (shape=(50, 50)) | heads.1.1.weight: rank=1 (shape=(1, 50)) | heads.2.0.weight: rank=50 (shape=(50, 50)) | heads.2.1.weight: rank=1 (shape=(1, 50)) | heads.3.0.weight: rank=50 (shape=(50, 50)) | heads.3.1.weight: rank=1 (shape=(1, 50)) | heads.4.0.weight: rank=50 (shape=(50, 50)) | heads.4.1.weight: rank=1 (shape=(1, 50))

=== [SVD-CL] Preparing subspace for Task 4: 6 vs 7 (task 3) ===
Shape of X = torch.Size([784, 48682])

  First s_j < 0.01 at j=670; using k=114 columns.
[SVD-CL] After task 3:  99.95%  57.54%  83.67%  82.07%
[RANK] heads.0.0.weight: rank=50 (shape=(50, 50)) | heads.0.1.weight: rank=1 (shape=(1, 50)) | heads.1.0.weight: rank=50 (shape=(50, 50)) | heads.1.1.weight: rank=1 (shape=(1, 50)) | heads.2.0.weight: rank=50 (shape=(50, 50)) | heads.2.1.weight: rank=1 (shape=(1, 50)) | heads.3.0.weight: rank=50 (shape=(50, 50)) | heads.3.1.weight: rank=1 (shape=(1, 50)) | heads.4.0.weight: rank=50 (shape=(50, 50)) | heads.4.1.weight: rank=1 (shape=(1, 50))

=== [SVD-CL] Preparing subspace for Task 5: 8 vs 9 (task 4) ===
Shape of X = torch.Size([784, 60865])

  First s_j < 0.01 at j=708; using k=76 columns.
[SVD-CL] After task 4:  99.95%  57.54%  83.67%  82.07%  78.92%
[RANK] heads.0.0.weight: rank=50 (shape=(50, 50)) | heads.0.1.weight: rank=1 (shape=(1, 50)) | heads.1.0.weight: rank=50 (shape=(50, 50)) | heads.1.1.weight: rank=1 (shape=(1, 50)) | heads.2.0.weight: rank=50 (shape=(50, 50)) | heads.2.1.weight: rank=1 (shape=(1, 50)) | heads.3.0.weight: rank=50 (shape=(50, 50)) | heads.3.1.weight: rank=1 (shape=(1, 50)) | heads.4.0.weight: rank=50 (shape=(50, 50)) | heads.4.1.weight: rank=1 (shape=(1, 50))

[SVD-CL] Final accuracy matrix (rows: after task t, cols: u ≤ t):
t=0:  99.95%   ----    ----    ----    ---- 
t=1:  99.95%  57.54%   ----    ----    ---- 
t=2:  99.95%  57.54%  83.67%   ----    ---- 
t=3:  99.95%  57.54%  83.67%  82.07%   ---- 
t=4:  99.95%  57.54%  83.67%  82.07%  78.92%
Training time = 232.42826867103577

 ------------------- 


=== [SVD-CL] Training first task: Task 1: 0 vs 1 ===
[SVD-CL] After task 0:  99.95%
[RANK] heads.0.0.weight: rank=50 (shape=(50, 50)) | heads.0.1.weight: rank=1 (shape=(1, 50)) | heads.1.0.weight: rank=50 (shape=(50, 50)) | heads.1.1.weight: rank=1 (shape=(1, 50)) | heads.2.0.weight: rank=50 (shape=(50, 50)) | heads.2.1.weight: rank=1 (shape=(1, 50)) | heads.3.0.weight: rank=50 (shape=(50, 50)) | heads.3.1.weight: rank=1 (shape=(1, 50)) | heads.4.0.weight: rank=50 (shape=(50, 50)) | heads.4.1.weight: rank=1 (shape=(1, 50))

=== [SVD-CL] Preparing subspace for Task 2: 2 vs 3 (task 1) ===
Shape of X = torch.Size([784, 25330])

  First s_j < 0.1 at j=573; using k=211 columns.
[SVD-CL] After task 1:  99.95%  57.44%
[RANK] heads.0.0.weight: rank=50 (shape=(50, 50)) | heads.0.1.weight: rank=1 (shape=(1, 50)) | heads.1.0.weight: rank=50 (shape=(50, 50)) | heads.1.1.weight: rank=1 (shape=(1, 50)) | heads.2.0.weight: rank=50 (shape=(50, 50)) | heads.2.1.weight: rank=1 (shape=(1, 50)) | heads.3.0.weight: rank=50 (shape=(50, 50)) | heads.3.1.weight: rank=1 (shape=(1, 50)) | heads.4.0.weight: rank=50 (shape=(50, 50)) | heads.4.1.weight: rank=1 (shape=(1, 50))

=== [SVD-CL] Preparing subspace for Task 3: 4 vs 5 (task 2) ===
Shape of X = torch.Size([784, 37419])

  First s_j < 0.1 at j=640; using k=144 columns.
[SVD-CL] After task 2:  99.95%  57.44%  83.88%
[RANK] heads.0.0.weight: rank=50 (shape=(50, 50)) | heads.0.1.weight: rank=1 (shape=(1, 50)) | heads.1.0.weight: rank=50 (shape=(50, 50)) | heads.1.1.weight: rank=1 (shape=(1, 50)) | heads.2.0.weight: rank=50 (shape=(50, 50)) | heads.2.1.weight: rank=1 (shape=(1, 50)) | heads.3.0.weight: rank=50 (shape=(50, 50)) | heads.3.1.weight: rank=1 (shape=(1, 50)) | heads.4.0.weight: rank=50 (shape=(50, 50)) | heads.4.1.weight: rank=1 (shape=(1, 50))

=== [SVD-CL] Preparing subspace for Task 4: 6 vs 7 (task 3) ===
Shape of X = torch.Size([784, 48682])

  First s_j < 0.1 at j=659; using k=125 columns.
[SVD-CL] After task 3:  99.95%  57.44%  83.94%  82.12%
[RANK] heads.0.0.weight: rank=50 (shape=(50, 50)) | heads.0.1.weight: rank=1 (shape=(1, 50)) | heads.1.0.weight: rank=50 (shape=(50, 50)) | heads.1.1.weight: rank=1 (shape=(1, 50)) | heads.2.0.weight: rank=50 (shape=(50, 50)) | heads.2.1.weight: rank=1 (shape=(1, 50)) | heads.3.0.weight: rank=50 (shape=(50, 50)) | heads.3.1.weight: rank=1 (shape=(1, 50)) | heads.4.0.weight: rank=50 (shape=(50, 50)) | heads.4.1.weight: rank=1 (shape=(1, 50))

=== [SVD-CL] Preparing subspace for Task 5: 8 vs 9 (task 4) ===
Shape of X = torch.Size([784, 60865])

  First s_j < 0.1 at j=700; using k=84 columns.
[SVD-CL] After task 4:  99.95%  57.44%  83.94%  82.12%  79.17%
[RANK] heads.0.0.weight: rank=50 (shape=(50, 50)) | heads.0.1.weight: rank=1 (shape=(1, 50)) | heads.1.0.weight: rank=50 (shape=(50, 50)) | heads.1.1.weight: rank=1 (shape=(1, 50)) | heads.2.0.weight: rank=50 (shape=(50, 50)) | heads.2.1.weight: rank=1 (shape=(1, 50)) | heads.3.0.weight: rank=50 (shape=(50, 50)) | heads.3.1.weight: rank=1 (shape=(1, 50)) | heads.4.0.weight: rank=50 (shape=(50, 50)) | heads.4.1.weight: rank=1 (shape=(1, 50))

[SVD-CL] Final accuracy matrix (rows: after task t, cols: u ≤ t):
t=0:  99.95%   ----    ----    ----    ---- 
t=1:  99.95%  57.44%   ----    ----    ---- 
t=2:  99.95%  57.44%  83.88%   ----    ---- 
t=3:  99.95%  57.44%  83.94%  82.12%   ---- 
t=4:  99.95%  57.44%  83.94%  82.12%  79.17%
Training time = 239.04308128356934

 ------------------- 


=== [SVD-CL] Training first task: Task 1: 0 vs 1 ===
[SVD-CL] After task 0:  99.95%
[RANK] heads.0.0.weight: rank=50 (shape=(50, 50)) | heads.0.1.weight: rank=1 (shape=(1, 50)) | heads.1.0.weight: rank=50 (shape=(50, 50)) | heads.1.1.weight: rank=1 (shape=(1, 50)) | heads.2.0.weight: rank=50 (shape=(50, 50)) | heads.2.1.weight: rank=1 (shape=(1, 50)) | heads.3.0.weight: rank=50 (shape=(50, 50)) | heads.3.1.weight: rank=1 (shape=(1, 50)) | heads.4.0.weight: rank=50 (shape=(50, 50)) | heads.4.1.weight: rank=1 (shape=(1, 50))

=== [SVD-CL] Preparing subspace for Task 2: 2 vs 3 (task 1) ===
Shape of X = torch.Size([784, 25330])

  First s_j < 1 at j=501; using k=283 columns.
[SVD-CL] After task 1:  99.95%  58.96%
[RANK] heads.0.0.weight: rank=50 (shape=(50, 50)) | heads.0.1.weight: rank=1 (shape=(1, 50)) | heads.1.0.weight: rank=50 (shape=(50, 50)) | heads.1.1.weight: rank=1 (shape=(1, 50)) | heads.2.0.weight: rank=50 (shape=(50, 50)) | heads.2.1.weight: rank=1 (shape=(1, 50)) | heads.3.0.weight: rank=50 (shape=(50, 50)) | heads.3.1.weight: rank=1 (shape=(1, 50)) | heads.4.0.weight: rank=50 (shape=(50, 50)) | heads.4.1.weight: rank=1 (shape=(1, 50))

=== [SVD-CL] Preparing subspace for Task 3: 4 vs 5 (task 2) ===
Shape of X = torch.Size([784, 37419])

  First s_j < 1 at j=571; using k=213 columns.
[SVD-CL] After task 2:  99.95%  59.06%  85.27%
[RANK] heads.0.0.weight: rank=50 (shape=(50, 50)) | heads.0.1.weight: rank=1 (shape=(1, 50)) | heads.1.0.weight: rank=50 (shape=(50, 50)) | heads.1.1.weight: rank=1 (shape=(1, 50)) | heads.2.0.weight: rank=50 (shape=(50, 50)) | heads.2.1.weight: rank=1 (shape=(1, 50)) | heads.3.0.weight: rank=50 (shape=(50, 50)) | heads.3.1.weight: rank=1 (shape=(1, 50)) | heads.4.0.weight: rank=50 (shape=(50, 50)) | heads.4.1.weight: rank=1 (shape=(1, 50))

=== [SVD-CL] Preparing subspace for Task 4: 6 vs 7 (task 3) ===
Shape of X = torch.Size([784, 48682])

  First s_j < 1 at j=599; using k=185 columns.
[SVD-CL] After task 3:  99.95%  59.11%  85.33%  82.02%
[RANK] heads.0.0.weight: rank=50 (shape=(50, 50)) | heads.0.1.weight: rank=1 (shape=(1, 50)) | heads.1.0.weight: rank=50 (shape=(50, 50)) | heads.1.1.weight: rank=1 (shape=(1, 50)) | heads.2.0.weight: rank=50 (shape=(50, 50)) | heads.2.1.weight: rank=1 (shape=(1, 50)) | heads.3.0.weight: rank=50 (shape=(50, 50)) | heads.3.1.weight: rank=1 (shape=(1, 50)) | heads.4.0.weight: rank=50 (shape=(50, 50)) | heads.4.1.weight: rank=1 (shape=(1, 50))

=== [SVD-CL] Preparing subspace for Task 5: 8 vs 9 (task 4) ===
Shape of X = torch.Size([784, 60865])

  First s_j < 1 at j=645; using k=139 columns.
[SVD-CL] After task 4:  99.95%  59.16%  85.33%  82.12%  78.11%
[RANK] heads.0.0.weight: rank=50 (shape=(50, 50)) | heads.0.1.weight: rank=1 (shape=(1, 50)) | heads.1.0.weight: rank=50 (shape=(50, 50)) | heads.1.1.weight: rank=1 (shape=(1, 50)) | heads.2.0.weight: rank=50 (shape=(50, 50)) | heads.2.1.weight: rank=1 (shape=(1, 50)) | heads.3.0.weight: rank=50 (shape=(50, 50)) | heads.3.1.weight: rank=1 (shape=(1, 50)) | heads.4.0.weight: rank=50 (shape=(50, 50)) | heads.4.1.weight: rank=1 (shape=(1, 50))

[SVD-CL] Final accuracy matrix (rows: after task t, cols: u ≤ t):
t=0:  99.95%   ----    ----    ----    ---- 
t=1:  99.95%  58.96%   ----    ----    ---- 
t=2:  99.95%  59.06%  85.27%   ----    ---- 
t=3:  99.95%  59.11%  85.33%  82.02%   ---- 
t=4:  99.95%  59.16%  85.33%  82.12%  78.11%
Training time = 243.96327567100525

 ------------------- 

 