
=== [SVD-CL] Training first task: Task 1: 0 vs 1 ===
[SVD-CL] After task 0:  99.95%
[RANK] heads.0.weight: rank=1 (shape=(1, 50)) | heads.1.weight: rank=1 (shape=(1, 50)) | heads.2.weight: rank=1 (shape=(1, 50)) | heads.3.weight: rank=1 (shape=(1, 50)) | heads.4.weight: rank=1 (shape=(1, 50))

=== [SVD-CL] Preparing subspace for Task 2: 2 vs 3 (task 1) ===
Shape of X = torch.Size([784, 25330])

  First s_j < 0.01 at j=577; using k=207 columns.
[SVD-CL] After task 1:  99.95%  62.68%
[RANK] heads.0.weight: rank=1 (shape=(1, 50)) | heads.1.weight: rank=1 (shape=(1, 50)) | heads.2.weight: rank=1 (shape=(1, 50)) | heads.3.weight: rank=1 (shape=(1, 50)) | heads.4.weight: rank=1 (shape=(1, 50))

=== [SVD-CL] Preparing subspace for Task 3: 4 vs 5 (task 2) ===
Shape of X = torch.Size([784, 37419])

  First s_j < 0.01 at j=653; using k=131 columns.
[SVD-CL] After task 2:  99.95%  62.68%  62.86%
[RANK] heads.0.weight: rank=1 (shape=(1, 50)) | heads.1.weight: rank=1 (shape=(1, 50)) | heads.2.weight: rank=1 (shape=(1, 50)) | heads.3.weight: rank=1 (shape=(1, 50)) | heads.4.weight: rank=1 (shape=(1, 50))

=== [SVD-CL] Preparing subspace for Task 4: 6 vs 7 (task 3) ===
Shape of X = torch.Size([784, 48682])

  First s_j < 0.01 at j=670; using k=114 columns.
[SVD-CL] After task 3:  99.95%  62.68%  62.86%  83.03%
[RANK] heads.0.weight: rank=1 (shape=(1, 50)) | heads.1.weight: rank=1 (shape=(1, 50)) | heads.2.weight: rank=1 (shape=(1, 50)) | heads.3.weight: rank=1 (shape=(1, 50)) | heads.4.weight: rank=1 (shape=(1, 50))

=== [SVD-CL] Preparing subspace for Task 5: 8 vs 9 (task 4) ===
Shape of X = torch.Size([784, 60865])

  First s_j < 0.01 at j=708; using k=76 columns.
[SVD-CL] After task 4:  99.95%  62.68%  62.86%  83.03%  73.42%
[RANK] heads.0.weight: rank=1 (shape=(1, 50)) | heads.1.weight: rank=1 (shape=(1, 50)) | heads.2.weight: rank=1 (shape=(1, 50)) | heads.3.weight: rank=1 (shape=(1, 50)) | heads.4.weight: rank=1 (shape=(1, 50))

[SVD-CL] Final accuracy matrix (rows: after task t, cols: u ≤ t):
t=0:  99.95%   ----    ----    ----    ---- 
t=1:  99.95%  62.68%   ----    ----    ---- 
t=2:  99.95%  62.68%  62.86%   ----    ---- 
t=3:  99.95%  62.68%  62.86%  83.03%   ---- 
t=4:  99.95%  62.68%  62.86%  83.03%  73.42%
Training time = 219.50141549110413

 ------------------- 


=== [SVD-CL] Training first task: Task 1: 0 vs 1 ===
[SVD-CL] After task 0:  99.95%
[RANK] heads.0.0.weight: rank=50 (shape=(50, 50)) | heads.0.1.weight: rank=1 (shape=(1, 50)) | heads.1.0.weight: rank=50 (shape=(50, 50)) | heads.1.1.weight: rank=1 (shape=(1, 50)) | heads.2.0.weight: rank=50 (shape=(50, 50)) | heads.2.1.weight: rank=1 (shape=(1, 50)) | heads.3.0.weight: rank=50 (shape=(50, 50)) | heads.3.1.weight: rank=1 (shape=(1, 50)) | heads.4.0.weight: rank=50 (shape=(50, 50)) | heads.4.1.weight: rank=1 (shape=(1, 50))

=== [SVD-CL] Preparing subspace for Task 2: 2 vs 3 (task 1) ===
Shape of X = torch.Size([784, 25330])

  First s_j < 0.01 at j=577; using k=207 columns.
[SVD-CL] After task 1:  99.95%  57.54%
[RANK] heads.0.0.weight: rank=50 (shape=(50, 50)) | heads.0.1.weight: rank=1 (shape=(1, 50)) | heads.1.0.weight: rank=50 (shape=(50, 50)) | heads.1.1.weight: rank=1 (shape=(1, 50)) | heads.2.0.weight: rank=50 (shape=(50, 50)) | heads.2.1.weight: rank=1 (shape=(1, 50)) | heads.3.0.weight: rank=50 (shape=(50, 50)) | heads.3.1.weight: rank=1 (shape=(1, 50)) | heads.4.0.weight: rank=50 (shape=(50, 50)) | heads.4.1.weight: rank=1 (shape=(1, 50))

=== [SVD-CL] Preparing subspace for Task 3: 4 vs 5 (task 2) ===
Shape of X = torch.Size([784, 37419])

  First s_j < 0.01 at j=653; using k=131 columns.
[SVD-CL] After task 2:  99.95%  57.54%  83.67%
[RANK] heads.0.0.weight: rank=50 (shape=(50, 50)) | heads.0.1.weight: rank=1 (shape=(1, 50)) | heads.1.0.weight: rank=50 (shape=(50, 50)) | heads.1.1.weight: rank=1 (shape=(1, 50)) | heads.2.0.weight: rank=50 (shape=(50, 50)) | heads.2.1.weight: rank=1 (shape=(1, 50)) | heads.3.0.weight: rank=50 (shape=(50, 50)) | heads.3.1.weight: rank=1 (shape=(1, 50)) | heads.4.0.weight: rank=50 (shape=(50, 50)) | heads.4.1.weight: rank=1 (shape=(1, 50))

=== [SVD-CL] Preparing subspace for Task 4: 6 vs 7 (task 3) ===
Shape of X = torch.Size([784, 48682])

  First s_j < 0.01 at j=670; using k=114 columns.
[SVD-CL] After task 3:  99.95%  57.54%  83.67%  82.07%
[RANK] heads.0.0.weight: rank=50 (shape=(50, 50)) | heads.0.1.weight: rank=1 (shape=(1, 50)) | heads.1.0.weight: rank=50 (shape=(50, 50)) | heads.1.1.weight: rank=1 (shape=(1, 50)) | heads.2.0.weight: rank=50 (shape=(50, 50)) | heads.2.1.weight: rank=1 (shape=(1, 50)) | heads.3.0.weight: rank=50 (shape=(50, 50)) | heads.3.1.weight: rank=1 (shape=(1, 50)) | heads.4.0.weight: rank=50 (shape=(50, 50)) | heads.4.1.weight: rank=1 (shape=(1, 50))

=== [SVD-CL] Preparing subspace for Task 5: 8 vs 9 (task 4) ===
Shape of X = torch.Size([784, 60865])

  First s_j < 0.01 at j=708; using k=76 columns.
[SVD-CL] After task 4:  99.95%  57.54%  83.67%  82.07%  78.92%
[RANK] heads.0.0.weight: rank=50 (shape=(50, 50)) | heads.0.1.weight: rank=1 (shape=(1, 50)) | heads.1.0.weight: rank=50 (shape=(50, 50)) | heads.1.1.weight: rank=1 (shape=(1, 50)) | heads.2.0.weight: rank=50 (shape=(50, 50)) | heads.2.1.weight: rank=1 (shape=(1, 50)) | heads.3.0.weight: rank=50 (shape=(50, 50)) | heads.3.1.weight: rank=1 (shape=(1, 50)) | heads.4.0.weight: rank=50 (shape=(50, 50)) | heads.4.1.weight: rank=1 (shape=(1, 50))

[SVD-CL] Final accuracy matrix (rows: after task t, cols: u ≤ t):
t=0:  99.95%   ----    ----    ----    ---- 
t=1:  99.95%  57.54%   ----    ----    ---- 
t=2:  99.95%  57.54%  83.67%   ----    ---- 
t=3:  99.95%  57.54%  83.67%  82.07%   ---- 
t=4:  99.95%  57.54%  83.67%  82.07%  78.92%
Training time = 232.42826867103577

 ------------------- 

